// Jest Snapshot v1, https://goo.gl/fbAQLP

exports[`render Add page without crash 1`] = `
<div>
  <h1>
    Add expense component
  </h1>
  <ExpenseForm
    onSubmit={[Function]}
  />
</div>
`;
