// Jest Snapshot v1, https://goo.gl/fbAQLP

exports[`render Dashboard without crash 1`] = `
<div>
  <h1>
    Dashboard
  </h1>
  <Connect(ExpensesFilterInput) />
  <Connect(ExpensesSummary) />
  <Connect(ExpenseList) />
</div>
`;
