// Jest Snapshot v1, https://goo.gl/fbAQLP

exports[`render NotFound without crash 1`] = `
<div>
  NotFound component
</div>
`;
